## schedule walkthrough, linked contact, reminder 3d -> 200
{"method":"GET","path":"/calendars/events","search":"?locationId=location-1&calendarId=cal-walk&startTime=1790348100000&endTime=1790352300000","headers":{"Accept":"application/json","Authorization":"Bearer synthetic-ghl-key","Version":"v3"},"body":null}
{"method":"POST","path":"/calendars/events/appointments","search":"","headers":{"Accept":"application/json","Authorization":"Bearer synthetic-ghl-key","Version":"v3","Content-Type":"application/json","Idempotency-Key":"schedule:visit-walk:1"},"body":{"calendarId":"cal-walk","startTime":"2026-09-25T15:00:00.000Z","endTime":"2026-09-25T16:00:00.000Z","title":"EGC Free Walkthrough","appointmentStatus":"confirmed","assignedUserId":"w92vfhwm3a8twTIowpQz","description":"","address":"1 Synthetic Way","toNotify":true,"locationId":"location-1","contactId":"contact-1"}}
{"method":"POST","path":"/contacts/contact-1/tags","search":"","headers":{"Accept":"application/json","Authorization":"Bearer synthetic-ghl-key","Version":"v3","Content-Type":"application/json"},"body":{"tags":["egc-hub-scheduled","egc-walkthrough-scheduled","egc-reminder-3d"]}}
{"method":"GET","path":"/contacts/contact-1","search":"","headers":{"Accept":"application/json","Authorization":"Bearer synthetic-ghl-key","Version":"v3"},"body":null}
## schedule job, no contact, notify off -> 200
{"method":"POST","path":"/contacts/upsert","search":"","headers":{"Accept":"application/json","Authorization":"Bearer synthetic-ghl-key","Version":"v3","Content-Type":"application/json"},"body":{"locationId":"location-1","name":"Synthetic Customer","phone":"9705550123","email":"synthetic@example.invalid","address1":"1 Synthetic Way","source":"EGC Hub schedule"}}
{"method":"GET","path":"/calendars/events","search":"?locationId=location-1&calendarId=cal-job&startTime=1790348100000&endTime=1790352300000","headers":{"Accept":"application/json","Authorization":"Bearer synthetic-ghl-key","Version":"v3"},"body":null}
{"method":"POST","path":"/calendars/events/appointments","search":"","headers":{"Accept":"application/json","Authorization":"Bearer synthetic-ghl-key","Version":"v3","Content-Type":"application/json","Idempotency-Key":"schedule:visit-job:1"},"body":{"calendarId":"cal-job","startTime":"2026-09-25T15:00:00.000Z","endTime":"2026-09-25T16:00:00.000Z","title":"Garage transformation","appointmentStatus":"confirmed","assignedUserId":"w92vfhwm3a8twTIowpQz","description":"","address":"1 Synthetic Way","toNotify":false,"locationId":"location-1","contactId":"contact-new"}}
{"method":"POST","path":"/contacts/contact-new/tags","search":"","headers":{"Accept":"application/json","Authorization":"Bearer synthetic-ghl-key","Version":"v3","Content-Type":"application/json"},"body":{"tags":["egc-hub-scheduled","egc-job-scheduled"]}}
{"method":"GET","path":"/opportunities/search","search":"?locationId=location-1&contactId=contact-new&status=open&limit=100&page=1","headers":{"Accept":"application/json","Authorization":"Bearer synthetic-ghl-key","Version":"v3"},"body":null}
{"method":"POST","path":"/opportunities/upsert","search":"","headers":{"Accept":"application/json","Authorization":"Bearer synthetic-ghl-key","Version":"v3","Content-Type":"application/json","Idempotency-Key":"schedule:visit-job:1"},"body":{"pipelineId":"anSgrMpYHtAX6YlUHnIR","locationId":"location-1","name":"Synthetic Customer — Garage transformation","pipelineStageId":"06b78f36-b53d-4028-9e36-b41ac4d2da09","status":"open","contactId":"contact-new","monetaryValue":1400,"assignedTo":"w92vfhwm3a8twTIowpQz","followers":["w92vfhwm3a8twTIowpQz"],"isRemoveAllFollowers":false,"followersActionType":"add"}}
{"method":"GET","path":"/contacts/contact-new","search":"","headers":{"Accept":"application/json","Authorization":"Bearer synthetic-ghl-key","Version":"v3"},"body":null}
{"method":"GET","path":"/contacts/contact-new","search":"","headers":{"Authorization":"Bearer synthetic-ghl-key","Version":"v3","Accept":"application/json","Content-Type":"application/json"},"body":null}
{"method":"GET","path":"/calendars/events/appointments/appt-7","search":"","headers":{"Authorization":"Bearer synthetic-ghl-key","Version":"v3","Accept":"application/json","Content-Type":"application/json"},"body":null}
## schedule a cancelled visit -> 200
{"method":"PUT","path":"/calendars/events/appointments/appt-1","search":"","headers":{"Accept":"application/json","Authorization":"Bearer synthetic-ghl-key","Version":"v3","Content-Type":"application/json","Idempotency-Key":"schedule:visit-cancel:2"},"body":{"calendarId":"cal-walk","startTime":"2026-09-25T15:00:00.000Z","endTime":"2026-09-25T16:00:00.000Z","title":"EGC Free Walkthrough","appointmentStatus":"confirmed","assignedUserId":"w92vfhwm3a8twTIowpQz","description":"","address":"","toNotify":true}}
{"method":"GET","path":"/contacts/contact-1","search":"","headers":{"Accept":"application/json","Authorization":"Bearer synthetic-ghl-key","Version":"v3"},"body":null}
## lifecycle cancellation with appointment and note -> 200
{"method":"POST","path":"/contacts/contact-1/tags","search":"","headers":{"Accept":"application/json","Authorization":"Bearer synthetic-ghl-key","Version":"v3","Content-Type":"application/json"},"body":{"tags":["egc-job-cancelled"]}}
{"method":"GET","path":"/calendars/events/appointments/appt-1","search":"","headers":{"Accept":"application/json","Authorization":"Bearer synthetic-ghl-key","Version":"v3"},"body":null}
{"method":"PUT","path":"/calendars/events/appointments/appt-1","search":"","headers":{"Accept":"application/json","Authorization":"Bearer synthetic-ghl-key","Version":"v3","Content-Type":"application/json"},"body":{"calendarId":"cal-walk","title":"EGC Free Walkthrough","startTime":"2026-09-25T15:00:00.000Z","endTime":"2026-09-25T16:00:00.000Z","address":"1 Synthetic Way","description":"","assignedUserId":"w92vfhwm3a8twTIowpQz","appointmentStatus":"cancelled","toNotify":false}}
{"method":"POST","path":"/contacts/contact-1/notes","search":"","headers":{"Accept":"application/json","Authorization":"Bearer synthetic-ghl-key","Version":"v3","Content-Type":"application/json","Idempotency-Key":"lifecycle:visit-cancel:job-cancelled:1"},"body":{"userId":"w92vfhwm3a8twTIowpQz","title":"EGC Lifecycle — job-cancelled","body":"Cancellation reason: synthetic","color":"#F15A24","pinned":false}}
{"method":"GET","path":"/contacts/contact-1","search":"","headers":{"Accept":"application/json","Authorization":"Bearer synthetic-ghl-key","Version":"v3"},"body":null}
## closeout -> 200
{"method":"POST","path":"/contacts/contact-1/notes","search":"","headers":{"Accept":"application/json","Authorization":"Bearer synthetic-ghl-key","Version":"v3","Content-Type":"application/json","Idempotency-Key":"closeout:job-close:1"},"body":{"userId":"w92vfhwm3a8twTIowpQz","title":"EGC Job Closeout","body":"EGC JOB CLOSEOUT\nCompleted: 2026-09-22T17:00:00.000Z\nCustomer: Synthetic Customer\nLocked total: $1,400\nWalkthrough load plan: —\nActual truckloads: —\nLoad variance: —\nHours on site: —\nDump fees: $0\nPayment received now: $0\nPaid to date: $0\nBalance remaining: $1,400\nPayment method / reference: unpaid · —\nGarage Guard: not recorded\nAfter photos: 0\nDrive folder: —\nOriginal customer goal: —\nOriginal walkthrough notes: —\nPre-job handoff: No completion record\n\nCrew closeout notes: Synthetic closeout","color":"#F15A24","pinned":false}}
{"method":"POST","path":"/contacts/contact-1/tags","search":"","headers":{"Accept":"application/json","Authorization":"Bearer synthetic-ghl-key","Version":"v3","Content-Type":"application/json"},"body":{"tags":["egc-job-complete","egc-review-ready"]}}
{"method":"POST","path":"/contacts/contact-1/tasks","search":"","headers":{"Accept":"application/json","Authorization":"Bearer synthetic-ghl-key","Version":"v3","Content-Type":"application/json"},"body":{"title":"6-month garage check-in","body":"Ask how the system is holding up and offer maintenance / Garage Guard if useful.","dueDate":"2027-03-22T18:00:00.000Z","completed":false,"assignedTo":"w92vfhwm3a8twTIowpQz"}}
{"method":"GET","path":"/opportunities/search","search":"?locationId=location-1&contactId=contact-1&status=open&limit=100&page=1","headers":{"Accept":"application/json","Authorization":"Bearer synthetic-ghl-key","Version":"v3"},"body":null}
{"method":"POST","path":"/opportunities/upsert","search":"","headers":{"Accept":"application/json","Authorization":"Bearer synthetic-ghl-key","Version":"v3","Content-Type":"application/json","Idempotency-Key":"closeout:job-close:1"},"body":{"pipelineId":"anSgrMpYHtAX6YlUHnIR","locationId":"location-1","name":"Synthetic Customer","pipelineStageId":"0ccca1f9-3ffb-412a-b15a-3f4be1619514","status":"open","contactId":"contact-1","monetaryValue":1400,"assignedTo":"w92vfhwm3a8twTIowpQz","followers":["w92vfhwm3a8twTIowpQz"],"isRemoveAllFollowers":false,"followersActionType":"add"}}
{"method":"GET","path":"/contacts/contact-1","search":"","headers":{"Accept":"application/json","Authorization":"Bearer synthetic-ghl-key","Version":"v3"},"body":null}
## game plan with a job date -> 200
{"method":"POST","path":"/contacts/contact-1/notes","search":"","headers":{"Accept":"application/json","Authorization":"Bearer synthetic-ghl-key","Version":"v3","Content-Type":"application/json","Idempotency-Key":"plan:visit-plan:1"},"body":{"userId":"w92vfhwm3a8twTIowpQz","title":"EGC Internal Job Brief","body":"EGC WALKTHROUGH PLAN\nCompleted: 2026-09-22T17:30:00.000Z\n\nLocked total: $1,400\nDeposit: $0\nTarget date: 2026-10-01\nArrival window: 08:00–12:00\nAssigned crew: Unassigned\nWhy now: —\nSuccess looks like: —\nDecision maker: —\nScope: 0 truckload(s); 1 garage(s); fullness not recorded\nSort method: —\nKEEP: Synthetic keep\nREMOVE: —\nKeep / remove plan: See signed Game Plan\nExclusions: None recorded\nHazards: —\nAccess: —\nAccess notes: —\nTruck placement: —\nSpecial handling: —\nFinish: —\nMaterials: 0  shelf unit(s); 0 tote(s)\nBefore photos captured: 0\nScope accepted by: — at —\n\nCustomer / crew notes: None recorded","color":"#F15A24","pinned":true}}
{"method":"POST","path":"/contacts/contact-1/tags","search":"","headers":{"Accept":"application/json","Authorization":"Bearer synthetic-ghl-key","Version":"v3","Content-Type":"application/json"},"body":{"tags":["egc-walkthrough-complete","egc-quote-ready","gc-quote-open"]}}
{"method":"GET","path":"/calendars/events/appointments/appt-walk","search":"","headers":{"Accept":"application/json","Authorization":"Bearer synthetic-ghl-key","Version":"v3"},"body":null}
{"method":"PUT","path":"/calendars/events/appointments/appt-walk","search":"","headers":{"Accept":"application/json","Authorization":"Bearer synthetic-ghl-key","Version":"v3","Content-Type":"application/json"},"body":{"calendarId":"cal-walk","title":"EGC Free Walkthrough","startTime":"2026-09-25T15:00:00.000Z","endTime":"2026-09-25T16:00:00.000Z","address":"1 Synthetic Way","description":"","assignedUserId":"w92vfhwm3a8twTIowpQz","appointmentStatus":"completed","toNotify":false}}
{"method":"GET","path":"/calendars/events","search":"?locationId=location-1&calendarId=cal-job&startTime=1790862900000&endTime=1790877900000","headers":{"Accept":"application/json","Authorization":"Bearer synthetic-ghl-key","Version":"v3"},"body":null}
{"method":"POST","path":"/calendars/events/appointments","search":"","headers":{"Accept":"application/json","Authorization":"Bearer synthetic-ghl-key","Version":"v3","Content-Type":"application/json","Idempotency-Key":"plan:visit-plan:1"},"body":{"calendarId":"cal-job","startTime":"2026-10-01T14:00:00.000Z","endTime":"2026-10-01T18:00:00.000Z","title":"EGC Garage Service","appointmentStatus":"confirmed","assignedUserId":"w92vfhwm3a8twTIowpQz","description":"CUSTOMER GOAL: —\nWHY NOW: —\nKEEP: Synthetic keep\nREMOVE: —\nDO NOT MOVE / EXCLUSIONS: None recorded\nHAZARDS: —\nACCESS: —\nTRUCK: —\nSPECIAL HANDLING: —\nFINISH: —\nCUSTOMER NOTES: None recorded","address":"1 Synthetic Way","toNotify":true,"locationId":"location-1","contactId":"contact-1"}}
{"method":"POST","path":"/contacts/contact-1/tags","search":"","headers":{"Accept":"application/json","Authorization":"Bearer synthetic-ghl-key","Version":"v3","Content-Type":"application/json"},"body":{"tags":["egc-hub-scheduled","egc-job-scheduled"]}}
{"method":"GET","path":"/opportunities/search","search":"?locationId=location-1&contactId=contact-1&status=open&limit=100&page=1","headers":{"Accept":"application/json","Authorization":"Bearer synthetic-ghl-key","Version":"v3"},"body":null}
{"method":"POST","path":"/opportunities/upsert","search":"","headers":{"Accept":"application/json","Authorization":"Bearer synthetic-ghl-key","Version":"v3","Content-Type":"application/json","Idempotency-Key":"plan:visit-plan:1"},"body":{"pipelineId":"anSgrMpYHtAX6YlUHnIR","locationId":"location-1","name":"Synthetic Customer","pipelineStageId":"06b78f36-b53d-4028-9e36-b41ac4d2da09","status":"open","contactId":"contact-1","monetaryValue":1400,"assignedTo":"w92vfhwm3a8twTIowpQz","followers":["w92vfhwm3a8twTIowpQz"],"isRemoveAllFollowers":false,"followersActionType":"add"}}
{"method":"GET","path":"/contacts/contact-1","search":"","headers":{"Accept":"application/json","Authorization":"Bearer synthetic-ghl-key","Version":"v3"},"body":null}
